
*** Running vivado
    with args -log CH1_RTD.vds -m64 -product Vivado -mode batch -messageDb vivado.pb -notrace -source CH1_RTD.tcl


ECHO is off.
ECHO is off.

****** Vivado v2023.2 (64-bit)
  **** SW Build 4029153 on Fri Oct 13 20:14:34 MDT 2023
  **** IP Build 4028589 on Sat Oct 14 00:45:43 MDT 2023
  **** SharedData Build 4025554 on Tue Oct 10 17:18:54 MDT 2023
    ** Copyright 1986-2022 Xilinx, Inc. All Rights Reserved.
    ** Copyright 2022-2023 Advanced Micro Devices, Inc. All Rights Reserved.

source CH1_RTD.tcl -notrace
create_project: Time (s): cpu = 00:00:10 ; elapsed = 00:00:11 . Memory (MB): peak = 473.023 ; gain = 178.473
Command: read_checkpoint -auto_incremental -incremental {D:/01. PROJECT/07.PMSS/FPGA/New folder/PMSS_RTD/UART/UART.srcs/utils_1/imports/synth_1/CH1_RTD.dcp}
INFO: [Vivado 12-5825] Read reference checkpoint from D:/01. PROJECT/07.PMSS/FPGA/New folder/PMSS_RTD/UART/UART.srcs/utils_1/imports/synth_1/CH1_RTD.dcp for incremental synthesis
INFO: [Vivado 12-7989] Please ensure there are no constraint changes
Command: synth_design -top CH1_RTD -part xc7a100tcsg324-2
Starting synth_design
Attempting to get a license for feature 'Synthesis' and/or device 'xc7a100t'
INFO: [Common 17-349] Got license for feature 'Synthesis' and/or device 'xc7a100t'
INFO: [Device 21-403] Loading part xc7a100tcsg324-2
INFO: [Designutils 20-5440] No compile time benefit to using incremental synthesis; A full resynthesis will be run
INFO: [Designutils 20-4379] Flow is switching to default flow due to incremental criteria not met. If you would like to alter this behaviour and have the flow terminate instead, please set the following parameter config_implementation {autoIncr.Synth.RejectBehavior Terminate}
INFO: [Synth 8-7079] Multithreading enabled for synth_design using a maximum of 2 processes.
INFO: [Synth 8-7078] Launching helper process for spawning children vivado processes
INFO: [Synth 8-7075] Helper process launched with PID 5228
---------------------------------------------------------------------------------
Starting RTL Elaboration : Time (s): cpu = 00:00:06 ; elapsed = 00:00:07 . Memory (MB): peak = 1327.531 ; gain = 440.402
---------------------------------------------------------------------------------
INFO: [Synth 8-638] synthesizing module 'CH1_RTD' [D:/01. PROJECT/07.PMSS/FPGA/New folder/PMSS_RTD/UART/UART.srcs/sources_1/new/Uart_RTD.vhd:52]
INFO: [Synth 8-226] default block is never used [D:/01. PROJECT/07.PMSS/FPGA/New folder/PMSS_RTD/UART/UART.srcs/sources_1/new/Uart_RTD.vhd:255]
INFO: [Synth 8-256] done synthesizing module 'CH1_RTD' (0#1) [D:/01. PROJECT/07.PMSS/FPGA/New folder/PMSS_RTD/UART/UART.srcs/sources_1/new/Uart_RTD.vhd:52]
WARNING: [Synth 8-6014] Unused sequential element rx_buf_len_reg was removed.  [D:/01. PROJECT/07.PMSS/FPGA/New folder/PMSS_RTD/UART/UART.srcs/sources_1/new/Uart_RTD.vhd:328]
WARNING: [Synth 8-3917] design CH1_RTD has port RS422_TX_EN driven by constant 1
WARNING: [Synth 8-3917] design CH1_RTD has port RS422_TX_nEN driven by constant 0
WARNING: [Synth 8-3917] design CH1_RTD has port FP_STS1 driven by constant 1
WARNING: [Synth 8-3917] design CH1_RTD has port F_nOE[9] driven by constant 0
WARNING: [Synth 8-3917] design CH1_RTD has port F_nOE[8] driven by constant 0
WARNING: [Synth 8-3917] design CH1_RTD has port F_nOE[7] driven by constant 0
WARNING: [Synth 8-3917] design CH1_RTD has port F_nOE[6] driven by constant 0
WARNING: [Synth 8-3917] design CH1_RTD has port F_nOE[5] driven by constant 0
WARNING: [Synth 8-3917] design CH1_RTD has port F_nOE[4] driven by constant 0
WARNING: [Synth 8-3917] design CH1_RTD has port F_nOE[3] driven by constant 0
WARNING: [Synth 8-3917] design CH1_RTD has port F_nOE[2] driven by constant 0
WARNING: [Synth 8-3917] design CH1_RTD has port F_nOE[1] driven by constant 0
WARNING: [Synth 8-3917] design CH1_RTD has port F_nOE[0] driven by constant 0
WARNING: [Synth 8-3917] design CH1_RTD has port F_nLE[9] driven by constant 0
WARNING: [Synth 8-3917] design CH1_RTD has port F_nLE[8] driven by constant 0
WARNING: [Synth 8-3917] design CH1_RTD has port F_nLE[7] driven by constant 0
WARNING: [Synth 8-3917] design CH1_RTD has port F_nLE[6] driven by constant 0
WARNING: [Synth 8-3917] design CH1_RTD has port F_nLE[5] driven by constant 0
WARNING: [Synth 8-3917] design CH1_RTD has port F_nLE[4] driven by constant 0
WARNING: [Synth 8-3917] design CH1_RTD has port F_nLE[3] driven by constant 0
WARNING: [Synth 8-3917] design CH1_RTD has port F_nLE[2] driven by constant 0
WARNING: [Synth 8-3917] design CH1_RTD has port F_nLE[1] driven by constant 0
WARNING: [Synth 8-3917] design CH1_RTD has port F_nLE[0] driven by constant 0
---------------------------------------------------------------------------------
Finished RTL Elaboration : Time (s): cpu = 00:00:08 ; elapsed = 00:00:09 . Memory (MB): peak = 1438.062 ; gain = 550.934
---------------------------------------------------------------------------------
---------------------------------------------------------------------------------
Start Handling Custom Attributes
---------------------------------------------------------------------------------
---------------------------------------------------------------------------------
Finished Handling Custom Attributes : Time (s): cpu = 00:00:09 ; elapsed = 00:00:09 . Memory (MB): peak = 1438.062 ; gain = 550.934
---------------------------------------------------------------------------------
---------------------------------------------------------------------------------
Finished RTL Optimization Phase 1 : Time (s): cpu = 00:00:09 ; elapsed = 00:00:09 . Memory (MB): peak = 1438.062 ; gain = 550.934
---------------------------------------------------------------------------------
Netlist sorting complete. Time (s): cpu = 00:00:00 ; elapsed = 00:00:00.006 . Memory (MB): peak = 1438.062 ; gain = 0.000
INFO: [Project 1-570] Preparing netlist for logic optimization

Processing XDC Constraints
Initializing timing engine
Parsing XDC File [D:/01. PROJECT/07.PMSS/FPGA/New folder/PMSS_RTD/UART/UART.srcs/constrs_1/new/UART_RTD.xdc]
Finished Parsing XDC File [D:/01. PROJECT/07.PMSS/FPGA/New folder/PMSS_RTD/UART/UART.srcs/constrs_1/new/UART_RTD.xdc]
INFO: [Project 1-236] Implementation specific constraints were found while reading constraint file [D:/01. PROJECT/07.PMSS/FPGA/New folder/PMSS_RTD/UART/UART.srcs/constrs_1/new/UART_RTD.xdc]. These constraints will be ignored for synthesis but will be used in implementation. Impacted constraints are listed in the file [.Xil/CH1_RTD_propImpl.xdc].
Resolution: To avoid this warning, move constraints listed in [.Xil/CH1_RTD_propImpl.xdc] to another XDC file and exclude this new file from synthesis with the used_in_synthesis property (File Properties dialog in GUI) and re-run elaboration/synthesis.
Completed Processing XDC Constraints

Netlist sorting complete. Time (s): cpu = 00:00:00 ; elapsed = 00:00:00 . Memory (MB): peak = 1543.816 ; gain = 0.000
INFO: [Project 1-111] Unisim Transformation Summary:
No Unisim elements were transformed.

The system cannot find the path specified.
Constraint Validation Runtime : Time (s): cpu = 00:00:00 ; elapsed = 00:00:00.005 . Memory (MB): peak = 1543.816 ; gain = 0.000
INFO: [Designutils 20-5440] No compile time benefit to using incremental synthesis; A full resynthesis will be run
INFO: [Designutils 20-4379] Flow is switching to default flow due to incremental criteria not met. If you would like to alter this behaviour and have the flow terminate instead, please set the following parameter config_implementation {autoIncr.Synth.RejectBehavior Terminate}
---------------------------------------------------------------------------------
Finished Constraint Validation : Time (s): cpu = 00:00:18 ; elapsed = 00:00:19 . Memory (MB): peak = 1543.816 ; gain = 656.688
---------------------------------------------------------------------------------
---------------------------------------------------------------------------------
Start Loading Part and Timing Information
---------------------------------------------------------------------------------
Loading part: xc7a100tcsg324-2
---------------------------------------------------------------------------------
Finished Loading Part and Timing Information : Time (s): cpu = 00:00:18 ; elapsed = 00:00:19 . Memory (MB): peak = 1543.816 ; gain = 656.688
---------------------------------------------------------------------------------
---------------------------------------------------------------------------------
Start Applying 'set_property' XDC Constraints
---------------------------------------------------------------------------------
---------------------------------------------------------------------------------
Finished applying 'set_property' XDC Constraints : Time (s): cpu = 00:00:18 ; elapsed = 00:00:19 . Memory (MB): peak = 1543.816 ; gain = 656.688
---------------------------------------------------------------------------------
INFO: [Synth 8-802] inferred FSM for state register 'tx_state_reg' in module 'CH1_RTD'
INFO: [Synth 8-802] inferred FSM for state register 'rx_state_reg' in module 'CH1_RTD'
INFO: [Synth 8-802] inferred FSM for state register 'flow_state_reg' in module 'CH1_RTD'
---------------------------------------------------------------------------------------------------
                   State |                     New Encoding |                Previous Encoding 
---------------------------------------------------------------------------------------------------
                 rx_idle |                               00 |                               00
            rx_start_bit |                               01 |                               01
            rx_data_bits |                               10 |                               10
             rx_stop_bit |                               11 |                               11
---------------------------------------------------------------------------------------------------
INFO: [Synth 8-3354] encoded FSM with state register 'rx_state_reg' using encoding 'sequential' in module 'CH1_RTD'
---------------------------------------------------------------------------------------------------
                   State |                     New Encoding |                Previous Encoding 
---------------------------------------------------------------------------------------------------
                st_reset |                              000 |                              000
     st_send_prompt_byte |                              001 |                              001
       st_wait_prompt_tx |                              010 |                              010
     st_receive_response |                              011 |                              011
         st_wait_echo_tx |                              100 |                              101
---------------------------------------------------------------------------------------------------
INFO: [Synth 8-3354] encoded FSM with state register 'flow_state_reg' using encoding 'sequential' in module 'CH1_RTD'
---------------------------------------------------------------------------------------------------
                   State |                     New Encoding |                Previous Encoding 
---------------------------------------------------------------------------------------------------
                 tx_idle |                              000 |                              000
            tx_start_bit |                              001 |                              001
            tx_data_bits |                              010 |                              010
             tx_stop_bit |                              011 |                              011
              tx_done_st |                              100 |                              100
---------------------------------------------------------------------------------------------------
INFO: [Synth 8-3354] encoded FSM with state register 'tx_state_reg' using encoding 'sequential' in module 'CH1_RTD'
---------------------------------------------------------------------------------
Finished RTL Optimization Phase 2 : Time (s): cpu = 00:00:19 ; elapsed = 00:00:20 . Memory (MB): peak = 1543.816 ; gain = 656.688
---------------------------------------------------------------------------------
---------------------------------------------------------------------------------
Start RTL Component Statistics 
---------------------------------------------------------------------------------
Detailed RTL Component Info : 
+---Adders : 
	   2 Input   13 Bit       Adders := 2     
	   2 Input    4 Bit       Adders := 1     
	   2 Input    3 Bit       Adders := 2     
+---Registers : 
	               16 Bit    Registers := 6     
	               13 Bit    Registers := 2     
	                8 Bit    Registers := 3     
	                4 Bit    Registers := 1     
	                3 Bit    Registers := 2     
	                1 Bit    Registers := 7     
+---Muxes : 
	   2 Input   13 Bit        Muxes := 3     
	   4 Input   13 Bit        Muxes := 1     
	   5 Input   13 Bit        Muxes := 1     
	   4 Input    8 Bit        Muxes := 1     
	  33 Input    8 Bit        Muxes := 1     
	   5 Input    8 Bit        Muxes := 1     
	   2 Input    4 Bit        Muxes := 1     
	   5 Input    4 Bit        Muxes := 1     
	   2 Input    3 Bit        Muxes := 3     
	   4 Input    3 Bit        Muxes := 1     
	   5 Input    3 Bit        Muxes := 3     
	   4 Input    2 Bit        Muxes := 1     
	   2 Input    2 Bit        Muxes := 1     
	   2 Input    1 Bit        Muxes := 3     
	   4 Input    1 Bit        Muxes := 5     
	   5 Input    1 Bit        Muxes := 12    
---------------------------------------------------------------------------------
Finished RTL Component Statistics 
---------------------------------------------------------------------------------
---------------------------------------------------------------------------------
Start Part Resource Summary
---------------------------------------------------------------------------------
Part Resources:
DSPs: 240 (col length:80)
BRAMs: 270 (col length: RAMB18 80 RAMB36 40)
---------------------------------------------------------------------------------
Finished Part Resource Summary
---------------------------------------------------------------------------------
---------------------------------------------------------------------------------
Start Cross Boundary and Area Optimization
---------------------------------------------------------------------------------
WARNING: [Synth 8-7080] Parallel synthesis criteria is not met
WARNING: [Synth 8-3917] design CH1_RTD has port RS422_TX_EN driven by constant 1
WARNING: [Synth 8-3917] design CH1_RTD has port RS422_TX_nEN driven by constant 0
WARNING: [Synth 8-3917] design CH1_RTD has port FP_STS1 driven by constant 1
WARNING: [Synth 8-3917] design CH1_RTD has port F_nOE[9] driven by constant 0
WARNING: [Synth 8-3917] design CH1_RTD has port F_nOE[8] driven by constant 0
WARNING: [Synth 8-3917] design CH1_RTD has port F_nOE[7] driven by constant 0
WARNING: [Synth 8-3917] design CH1_RTD has port F_nOE[6] driven by constant 0
WARNING: [Synth 8-3917] design CH1_RTD has port F_nOE[5] driven by constant 0
WARNING: [Synth 8-3917] design CH1_RTD has port F_nOE[4] driven by constant 0
WARNING: [Synth 8-3917] design CH1_RTD has port F_nOE[3] driven by constant 0
WARNING: [Synth 8-3917] design CH1_RTD has port F_nOE[2] driven by constant 0
WARNING: [Synth 8-3917] design CH1_RTD has port F_nOE[1] driven by constant 0
WARNING: [Synth 8-3917] design CH1_RTD has port F_nOE[0] driven by constant 0
WARNING: [Synth 8-3917] design CH1_RTD has port F_nLE[9] driven by constant 0
WARNING: [Synth 8-3917] design CH1_RTD has port F_nLE[8] driven by constant 0
WARNING: [Synth 8-3917] design CH1_RTD has port F_nLE[7] driven by constant 0
WARNING: [Synth 8-3917] design CH1_RTD has port F_nLE[6] driven by constant 0
WARNING: [Synth 8-3917] design CH1_RTD has port F_nLE[5] driven by constant 0
WARNING: [Synth 8-3917] design CH1_RTD has port F_nLE[4] driven by constant 0
WARNING: [Synth 8-3917] design CH1_RTD has port F_nLE[3] driven by constant 0
WARNING: [Synth 8-3917] design CH1_RTD has port F_nLE[2] driven by constant 0
WARNING: [Synth 8-3917] design CH1_RTD has port F_nLE[1] driven by constant 0
WARNING: [Synth 8-3917] design CH1_RTD has port F_nLE[0] driven by constant 0
---------------------------------------------------------------------------------
Finished Cross Boundary and Area Optimization : Time (s): cpu = 00:00:21 ; elapsed = 00:00:23 . Memory (MB): peak = 1543.816 ; gain = 656.688
---------------------------------------------------------------------------------
---------------------------------------------------------------------------------
Start Applying XDC Timing Constraints
---------------------------------------------------------------------------------
---------------------------------------------------------------------------------
Finished Applying XDC Timing Constraints : Time (s): cpu = 00:00:28 ; elapsed = 00:00:30 . Memory (MB): peak = 1543.816 ; gain = 656.688
---------------------------------------------------------------------------------
---------------------------------------------------------------------------------
Start Timing Optimization
---------------------------------------------------------------------------------
---------------------------------------------------------------------------------
Finished Timing Optimization : Time (s): cpu = 00:00:29 ; elapsed = 00:00:30 . Memory (MB): peak = 1543.816 ; gain = 656.688
---------------------------------------------------------------------------------
---------------------------------------------------------------------------------
Start Technology Mapping
---------------------------------------------------------------------------------
---------------------------------------------------------------------------------
Finished Technology Mapping : Time (s): cpu = 00:00:29 ; elapsed = 00:00:31 . Memory (MB): peak = 1543.816 ; gain = 656.688
---------------------------------------------------------------------------------
---------------------------------------------------------------------------------
Start IO Insertion
---------------------------------------------------------------------------------
---------------------------------------------------------------------------------
Start Flattening Before IO Insertion
---------------------------------------------------------------------------------
---------------------------------------------------------------------------------
Finished Flattening Before IO Insertion
---------------------------------------------------------------------------------
---------------------------------------------------------------------------------
Start Final Netlist Cleanup
---------------------------------------------------------------------------------
---------------------------------------------------------------------------------
Finished Final Netlist Cleanup
---------------------------------------------------------------------------------
---------------------------------------------------------------------------------
Finished IO Insertion : Time (s): cpu = 00:00:34 ; elapsed = 00:00:36 . Memory (MB): peak = 1543.816 ; gain = 656.688
---------------------------------------------------------------------------------
---------------------------------------------------------------------------------
Start Renaming Generated Instances
---------------------------------------------------------------------------------
---------------------------------------------------------------------------------
Finished Renaming Generated Instances : Time (s): cpu = 00:00:34 ; elapsed = 00:00:36 . Memory (MB): peak = 1543.816 ; gain = 656.688
---------------------------------------------------------------------------------
---------------------------------------------------------------------------------
Start Rebuilding User Hierarchy
---------------------------------------------------------------------------------
---------------------------------------------------------------------------------
Finished Rebuilding User Hierarchy : Time (s): cpu = 00:00:34 ; elapsed = 00:00:36 . Memory (MB): peak = 1543.816 ; gain = 656.688
---------------------------------------------------------------------------------
---------------------------------------------------------------------------------
Start Renaming Generated Ports
---------------------------------------------------------------------------------
---------------------------------------------------------------------------------
Finished Renaming Generated Ports : Time (s): cpu = 00:00:34 ; elapsed = 00:00:36 . Memory (MB): peak = 1543.816 ; gain = 656.688
---------------------------------------------------------------------------------
---------------------------------------------------------------------------------
Start Handling Custom Attributes
---------------------------------------------------------------------------------
---------------------------------------------------------------------------------
Finished Handling Custom Attributes : Time (s): cpu = 00:00:34 ; elapsed = 00:00:36 . Memory (MB): peak = 1543.816 ; gain = 656.688
---------------------------------------------------------------------------------
---------------------------------------------------------------------------------
Start Renaming Generated Nets
---------------------------------------------------------------------------------
---------------------------------------------------------------------------------
Finished Renaming Generated Nets : Time (s): cpu = 00:00:34 ; elapsed = 00:00:36 . Memory (MB): peak = 1543.816 ; gain = 656.688
---------------------------------------------------------------------------------
---------------------------------------------------------------------------------
Start Writing Synthesis Report
---------------------------------------------------------------------------------

Report BlackBoxes: 
+-+--------------+----------+
| |BlackBox name |Instances |
+-+--------------+----------+
+-+--------------+----------+

Report Cell Usage: 
+------+-------+------+
|      |Cell   |Count |
+------+-------+------+
|1     |BUFG   |     1|
|2     |CARRY4 |     6|
|3     |LUT1   |     1|
|4     |LUT2   |     3|
|5     |LUT3   |     9|
|6     |LUT4   |    12|
|7     |LUT5   |    30|
|8     |LUT6   |    28|
|9     |FDRE   |    75|
|10    |IBUF   |     3|
|11    |OBUF   |    73|
+------+-------+------+
---------------------------------------------------------------------------------
Finished Writing Synthesis Report : Time (s): cpu = 00:00:34 ; elapsed = 00:00:36 . Memory (MB): peak = 1543.816 ; gain = 656.688
---------------------------------------------------------------------------------
Synthesis finished with 0 errors, 0 critical warnings and 24 warnings.
Synthesis Optimization Runtime : Time (s): cpu = 00:00:23 ; elapsed = 00:00:34 . Memory (MB): peak = 1543.816 ; gain = 550.934
Synthesis Optimization Complete : Time (s): cpu = 00:00:34 ; elapsed = 00:00:36 . Memory (MB): peak = 1543.816 ; gain = 656.688
INFO: [Project 1-571] Translating synthesized netlist
Netlist sorting complete. Time (s): cpu = 00:00:00 ; elapsed = 00:00:00.003 . Memory (MB): peak = 1543.816 ; gain = 0.000
INFO: [Netlist 29-17] Analyzing 6 Unisim elements for replacement
INFO: [Netlist 29-28] Unisim Transformation completed in 0 CPU seconds
INFO: [Project 1-570] Preparing netlist for logic optimization
INFO: [Opt 31-138] Pushed 0 inverter(s) to 0 load pin(s).
Netlist sorting complete. Time (s): cpu = 00:00:00 ; elapsed = 00:00:00.001 . Memory (MB): peak = 1543.816 ; gain = 0.000
INFO: [Project 1-111] Unisim Transformation Summary:
No Unisim elements were transformed.

The system cannot find the path specified.
Synth Design complete | Checksum: 69ed2dd2
INFO: [Common 17-83] Releasing license: Synthesis
30 Infos, 48 Warnings, 0 Critical Warnings and 0 Errors encountered.
synth_design completed successfully
synth_design: Time (s): cpu = 00:00:39 ; elapsed = 00:00:43 . Memory (MB): peak = 1543.816 ; gain = 1066.844
Write ShapeDB Complete: Time (s): cpu = 00:00:00 ; elapsed = 00:00:00.003 . Memory (MB): peak = 1543.816 ; gain = 0.000
INFO: [Common 17-1381] The checkpoint 'D:/01. PROJECT/07.PMSS/FPGA/New folder/PMSS_RTD/UART/UART.runs/synth_1/CH1_RTD.dcp' has been generated.
INFO: [runtcl-4] Executing : report_utilization -file CH1_RTD_utilization_synth.rpt -pb CH1_RTD_utilization_synth.pb
INFO: [Common 17-206] Exiting Vivado at Sat Aug  8 16:22:19 2026...
