Copyright 1986-2022 Xilinx, Inc. All Rights Reserved. Copyright 2022-2026 Advanced Micro Devices, Inc. All Rights Reserved.
--------------------------------------------------------------------------------------------------------------------------------------------------------------------
| Tool Version : Vivado v.2026.1 (win64) Build 6511674 Tue Jun 16 11:02:23 MDT 2026
| Date         : Mon Aug 10 11:31:07 2026
| Host         : Arvinds-MSI running 64-bit major release  (build 9200)
| Command      : report_methodology -file rs422_dock_methodology_drc_routed.rpt -pb rs422_dock_methodology_drc_routed.pb -rpx rs422_dock_methodology_drc_routed.rpx
| Design       : rs422_dock
| Device       : xc7a100tcsg324-2
| Speed File   : -2
| Design State : Fully Routed
--------------------------------------------------------------------------------------------------------------------------------------------------------------------

Report Methodology

Table of Contents
-----------------
1. REPORT SUMMARY
2. REPORT DETAILS

1. REPORT SUMMARY
-----------------
            Netlist: netlist
          Floorplan: design_1
      Design limits: <entire design considered>
             Max checks: <unlimited>
             Checks found: 76
+--------+----------+------------------------------------------+--------+
| Rule   | Severity | Description                              | Checks |
+--------+----------+------------------------------------------+--------+
| XDCH-2 | Warning  | Same min and max delay values on IO port | 76     |
+--------+----------+------------------------------------------+--------+

2. REPORT DETAILS
-----------------
XDCH-2#1 Warning
Same min and max delay values on IO port  
The same input delay of 2.000 ns has been defined on port 'RESET_SW' relative to clock sys_clk_pin for both max and min. Make sure this reflects the design intent.
set_input_delay -clock sys_clk_pin -add_delay 2.000 [get_ports {RESET_SW RS422_RX}]
D:/MSPL WORK/PMSS/RTL/PMSS_FPGA_RTD_TEST/PMSS_RTD_FPGA_TEST/rs422_dock/rs422_dock.srcs/constrs_1/new/RTDFullPins.xdc (Line: 5)
Related violations: <none>

XDCH-2#2 Warning
Same min and max delay values on IO port  
The same input delay of 2.000 ns has been defined on port 'RS422_RX' relative to clock sys_clk_pin for both max and min. Make sure this reflects the design intent.
set_input_delay -clock sys_clk_pin -add_delay 2.000 [get_ports {RESET_SW RS422_RX}]
D:/MSPL WORK/PMSS/RTL/PMSS_FPGA_RTD_TEST/PMSS_RTD_FPGA_TEST/rs422_dock/rs422_dock.srcs/constrs_1/new/RTDFullPins.xdc (Line: 5)
Related violations: <none>

XDCH-2#3 Warning
Same min and max delay values on IO port  
The same output delay of 2.000 ns has been defined on port 'F1_LD[0]' relative to clock sys_clk_pin for both max and min. Make sure this reflects the design intent.
set_output_delay -clock sys_clk_pin -add_delay 2.000 [get_ports -filter { NAME =~  "*" && DIRECTION =~  "*OUT*" }]
D:/MSPL WORK/PMSS/RTL/PMSS_FPGA_RTD_TEST/PMSS_RTD_FPGA_TEST/rs422_dock/rs422_dock.srcs/constrs_1/new/RTDFullPins.xdc (Line: 8)
Related violations: <none>

XDCH-2#4 Warning
Same min and max delay values on IO port  
The same output delay of 2.000 ns has been defined on port 'F1_LD[10]' relative to clock sys_clk_pin for both max and min. Make sure this reflects the design intent.
set_output_delay -clock sys_clk_pin -add_delay 2.000 [get_ports -filter { NAME =~  "*" && DIRECTION =~  "*OUT*" }]
D:/MSPL WORK/PMSS/RTL/PMSS_FPGA_RTD_TEST/PMSS_RTD_FPGA_TEST/rs422_dock/rs422_dock.srcs/constrs_1/new/RTDFullPins.xdc (Line: 8)
Related violations: <none>

XDCH-2#5 Warning
Same min and max delay values on IO port  
The same output delay of 2.000 ns has been defined on port 'F1_LD[11]' relative to clock sys_clk_pin for both max and min. Make sure this reflects the design intent.
set_output_delay -clock sys_clk_pin -add_delay 2.000 [get_ports -filter { NAME =~  "*" && DIRECTION =~  "*OUT*" }]
D:/MSPL WORK/PMSS/RTL/PMSS_FPGA_RTD_TEST/PMSS_RTD_FPGA_TEST/rs422_dock/rs422_dock.srcs/constrs_1/new/RTDFullPins.xdc (Line: 8)
Related violations: <none>

XDCH-2#6 Warning
Same min and max delay values on IO port  
The same output delay of 2.000 ns has been defined on port 'F1_LD[12]' relative to clock sys_clk_pin for both max and min. Make sure this reflects the design intent.
set_output_delay -clock sys_clk_pin -add_delay 2.000 [get_ports -filter { NAME =~  "*" && DIRECTION =~  "*OUT*" }]
D:/MSPL WORK/PMSS/RTL/PMSS_FPGA_RTD_TEST/PMSS_RTD_FPGA_TEST/rs422_dock/rs422_dock.srcs/constrs_1/new/RTDFullPins.xdc (Line: 8)
Related violations: <none>

XDCH-2#7 Warning
Same min and max delay values on IO port  
The same output delay of 2.000 ns has been defined on port 'F1_LD[13]' relative to clock sys_clk_pin for both max and min. Make sure this reflects the design intent.
set_output_delay -clock sys_clk_pin -add_delay 2.000 [get_ports -filter { NAME =~  "*" && DIRECTION =~  "*OUT*" }]
D:/MSPL WORK/PMSS/RTL/PMSS_FPGA_RTD_TEST/PMSS_RTD_FPGA_TEST/rs422_dock/rs422_dock.srcs/constrs_1/new/RTDFullPins.xdc (Line: 8)
Related violations: <none>

XDCH-2#8 Warning
Same min and max delay values on IO port  
The same output delay of 2.000 ns has been defined on port 'F1_LD[14]' relative to clock sys_clk_pin for both max and min. Make sure this reflects the design intent.
set_output_delay -clock sys_clk_pin -add_delay 2.000 [get_ports -filter { NAME =~  "*" && DIRECTION =~  "*OUT*" }]
D:/MSPL WORK/PMSS/RTL/PMSS_FPGA_RTD_TEST/PMSS_RTD_FPGA_TEST/rs422_dock/rs422_dock.srcs/constrs_1/new/RTDFullPins.xdc (Line: 8)
Related violations: <none>

XDCH-2#9 Warning
Same min and max delay values on IO port  
The same output delay of 2.000 ns has been defined on port 'F1_LD[15]' relative to clock sys_clk_pin for both max and min. Make sure this reflects the design intent.
set_output_delay -clock sys_clk_pin -add_delay 2.000 [get_ports -filter { NAME =~  "*" && DIRECTION =~  "*OUT*" }]
D:/MSPL WORK/PMSS/RTL/PMSS_FPGA_RTD_TEST/PMSS_RTD_FPGA_TEST/rs422_dock/rs422_dock.srcs/constrs_1/new/RTDFullPins.xdc (Line: 8)
Related violations: <none>

XDCH-2#10 Warning
Same min and max delay values on IO port  
The same output delay of 2.000 ns has been defined on port 'F1_LD[1]' relative to clock sys_clk_pin for both max and min. Make sure this reflects the design intent.
set_output_delay -clock sys_clk_pin -add_delay 2.000 [get_ports -filter { NAME =~  "*" && DIRECTION =~  "*OUT*" }]
D:/MSPL WORK/PMSS/RTL/PMSS_FPGA_RTD_TEST/PMSS_RTD_FPGA_TEST/rs422_dock/rs422_dock.srcs/constrs_1/new/RTDFullPins.xdc (Line: 8)
Related violations: <none>

XDCH-2#11 Warning
Same min and max delay values on IO port  
The same output delay of 2.000 ns has been defined on port 'F1_LD[2]' relative to clock sys_clk_pin for both max and min. Make sure this reflects the design intent.
set_output_delay -clock sys_clk_pin -add_delay 2.000 [get_ports -filter { NAME =~  "*" && DIRECTION =~  "*OUT*" }]
D:/MSPL WORK/PMSS/RTL/PMSS_FPGA_RTD_TEST/PMSS_RTD_FPGA_TEST/rs422_dock/rs422_dock.srcs/constrs_1/new/RTDFullPins.xdc (Line: 8)
Related violations: <none>

XDCH-2#12 Warning
Same min and max delay values on IO port  
The same output delay of 2.000 ns has been defined on port 'F1_LD[3]' relative to clock sys_clk_pin for both max and min. Make sure this reflects the design intent.
set_output_delay -clock sys_clk_pin -add_delay 2.000 [get_ports -filter { NAME =~  "*" && DIRECTION =~  "*OUT*" }]
D:/MSPL WORK/PMSS/RTL/PMSS_FPGA_RTD_TEST/PMSS_RTD_FPGA_TEST/rs422_dock/rs422_dock.srcs/constrs_1/new/RTDFullPins.xdc (Line: 8)
Related violations: <none>

XDCH-2#13 Warning
Same min and max delay values on IO port  
The same output delay of 2.000 ns has been defined on port 'F1_LD[4]' relative to clock sys_clk_pin for both max and min. Make sure this reflects the design intent.
set_output_delay -clock sys_clk_pin -add_delay 2.000 [get_ports -filter { NAME =~  "*" && DIRECTION =~  "*OUT*" }]
D:/MSPL WORK/PMSS/RTL/PMSS_FPGA_RTD_TEST/PMSS_RTD_FPGA_TEST/rs422_dock/rs422_dock.srcs/constrs_1/new/RTDFullPins.xdc (Line: 8)
Related violations: <none>

XDCH-2#14 Warning
Same min and max delay values on IO port  
The same output delay of 2.000 ns has been defined on port 'F1_LD[5]' relative to clock sys_clk_pin for both max and min. Make sure this reflects the design intent.
set_output_delay -clock sys_clk_pin -add_delay 2.000 [get_ports -filter { NAME =~  "*" && DIRECTION =~  "*OUT*" }]
D:/MSPL WORK/PMSS/RTL/PMSS_FPGA_RTD_TEST/PMSS_RTD_FPGA_TEST/rs422_dock/rs422_dock.srcs/constrs_1/new/RTDFullPins.xdc (Line: 8)
Related violations: <none>

XDCH-2#15 Warning
Same min and max delay values on IO port  
The same output delay of 2.000 ns has been defined on port 'F1_LD[6]' relative to clock sys_clk_pin for both max and min. Make sure this reflects the design intent.
set_output_delay -clock sys_clk_pin -add_delay 2.000 [get_ports -filter { NAME =~  "*" && DIRECTION =~  "*OUT*" }]
D:/MSPL WORK/PMSS/RTL/PMSS_FPGA_RTD_TEST/PMSS_RTD_FPGA_TEST/rs422_dock/rs422_dock.srcs/constrs_1/new/RTDFullPins.xdc (Line: 8)
Related violations: <none>

XDCH-2#16 Warning
Same min and max delay values on IO port  
The same output delay of 2.000 ns has been defined on port 'F1_LD[7]' relative to clock sys_clk_pin for both max and min. Make sure this reflects the design intent.
set_output_delay -clock sys_clk_pin -add_delay 2.000 [get_ports -filter { NAME =~  "*" && DIRECTION =~  "*OUT*" }]
D:/MSPL WORK/PMSS/RTL/PMSS_FPGA_RTD_TEST/PMSS_RTD_FPGA_TEST/rs422_dock/rs422_dock.srcs/constrs_1/new/RTDFullPins.xdc (Line: 8)
Related violations: <none>

XDCH-2#17 Warning
Same min and max delay values on IO port  
The same output delay of 2.000 ns has been defined on port 'F1_LD[8]' relative to clock sys_clk_pin for both max and min. Make sure this reflects the design intent.
set_output_delay -clock sys_clk_pin -add_delay 2.000 [get_ports -filter { NAME =~  "*" && DIRECTION =~  "*OUT*" }]
D:/MSPL WORK/PMSS/RTL/PMSS_FPGA_RTD_TEST/PMSS_RTD_FPGA_TEST/rs422_dock/rs422_dock.srcs/constrs_1/new/RTDFullPins.xdc (Line: 8)
Related violations: <none>

XDCH-2#18 Warning
Same min and max delay values on IO port  
The same output delay of 2.000 ns has been defined on port 'F1_LD[9]' relative to clock sys_clk_pin for both max and min. Make sure this reflects the design intent.
set_output_delay -clock sys_clk_pin -add_delay 2.000 [get_ports -filter { NAME =~  "*" && DIRECTION =~  "*OUT*" }]
D:/MSPL WORK/PMSS/RTL/PMSS_FPGA_RTD_TEST/PMSS_RTD_FPGA_TEST/rs422_dock/rs422_dock.srcs/constrs_1/new/RTDFullPins.xdc (Line: 8)
Related violations: <none>

XDCH-2#19 Warning
Same min and max delay values on IO port  
The same output delay of 2.000 ns has been defined on port 'F2_LD[0]' relative to clock sys_clk_pin for both max and min. Make sure this reflects the design intent.
set_output_delay -clock sys_clk_pin -add_delay 2.000 [get_ports -filter { NAME =~  "*" && DIRECTION =~  "*OUT*" }]
D:/MSPL WORK/PMSS/RTL/PMSS_FPGA_RTD_TEST/PMSS_RTD_FPGA_TEST/rs422_dock/rs422_dock.srcs/constrs_1/new/RTDFullPins.xdc (Line: 8)
Related violations: <none>

XDCH-2#20 Warning
Same min and max delay values on IO port  
The same output delay of 2.000 ns has been defined on port 'F2_LD[10]' relative to clock sys_clk_pin for both max and min. Make sure this reflects the design intent.
set_output_delay -clock sys_clk_pin -add_delay 2.000 [get_ports -filter { NAME =~  "*" && DIRECTION =~  "*OUT*" }]
D:/MSPL WORK/PMSS/RTL/PMSS_FPGA_RTD_TEST/PMSS_RTD_FPGA_TEST/rs422_dock/rs422_dock.srcs/constrs_1/new/RTDFullPins.xdc (Line: 8)
Related violations: <none>

XDCH-2#21 Warning
Same min and max delay values on IO port  
The same output delay of 2.000 ns has been defined on port 'F2_LD[11]' relative to clock sys_clk_pin for both max and min. Make sure this reflects the design intent.
set_output_delay -clock sys_clk_pin -add_delay 2.000 [get_ports -filter { NAME =~  "*" && DIRECTION =~  "*OUT*" }]
D:/MSPL WORK/PMSS/RTL/PMSS_FPGA_RTD_TEST/PMSS_RTD_FPGA_TEST/rs422_dock/rs422_dock.srcs/constrs_1/new/RTDFullPins.xdc (Line: 8)
Related violations: <none>

XDCH-2#22 Warning
Same min and max delay values on IO port  
The same output delay of 2.000 ns has been defined on port 'F2_LD[12]' relative to clock sys_clk_pin for both max and min. Make sure this reflects the design intent.
set_output_delay -clock sys_clk_pin -add_delay 2.000 [get_ports -filter { NAME =~  "*" && DIRECTION =~  "*OUT*" }]
D:/MSPL WORK/PMSS/RTL/PMSS_FPGA_RTD_TEST/PMSS_RTD_FPGA_TEST/rs422_dock/rs422_dock.srcs/constrs_1/new/RTDFullPins.xdc (Line: 8)
Related violations: <none>

XDCH-2#23 Warning
Same min and max delay values on IO port  
The same output delay of 2.000 ns has been defined on port 'F2_LD[13]' relative to clock sys_clk_pin for both max and min. Make sure this reflects the design intent.
set_output_delay -clock sys_clk_pin -add_delay 2.000 [get_ports -filter { NAME =~  "*" && DIRECTION =~  "*OUT*" }]
D:/MSPL WORK/PMSS/RTL/PMSS_FPGA_RTD_TEST/PMSS_RTD_FPGA_TEST/rs422_dock/rs422_dock.srcs/constrs_1/new/RTDFullPins.xdc (Line: 8)
Related violations: <none>

XDCH-2#24 Warning
Same min and max delay values on IO port  
The same output delay of 2.000 ns has been defined on port 'F2_LD[14]' relative to clock sys_clk_pin for both max and min. Make sure this reflects the design intent.
set_output_delay -clock sys_clk_pin -add_delay 2.000 [get_ports -filter { NAME =~  "*" && DIRECTION =~  "*OUT*" }]
D:/MSPL WORK/PMSS/RTL/PMSS_FPGA_RTD_TEST/PMSS_RTD_FPGA_TEST/rs422_dock/rs422_dock.srcs/constrs_1/new/RTDFullPins.xdc (Line: 8)
Related violations: <none>

XDCH-2#25 Warning
Same min and max delay values on IO port  
The same output delay of 2.000 ns has been defined on port 'F2_LD[15]' relative to clock sys_clk_pin for both max and min. Make sure this reflects the design intent.
set_output_delay -clock sys_clk_pin -add_delay 2.000 [get_ports -filter { NAME =~  "*" && DIRECTION =~  "*OUT*" }]
D:/MSPL WORK/PMSS/RTL/PMSS_FPGA_RTD_TEST/PMSS_RTD_FPGA_TEST/rs422_dock/rs422_dock.srcs/constrs_1/new/RTDFullPins.xdc (Line: 8)
Related violations: <none>

XDCH-2#26 Warning
Same min and max delay values on IO port  
The same output delay of 2.000 ns has been defined on port 'F2_LD[1]' relative to clock sys_clk_pin for both max and min. Make sure this reflects the design intent.
set_output_delay -clock sys_clk_pin -add_delay 2.000 [get_ports -filter { NAME =~  "*" && DIRECTION =~  "*OUT*" }]
D:/MSPL WORK/PMSS/RTL/PMSS_FPGA_RTD_TEST/PMSS_RTD_FPGA_TEST/rs422_dock/rs422_dock.srcs/constrs_1/new/RTDFullPins.xdc (Line: 8)
Related violations: <none>

XDCH-2#27 Warning
Same min and max delay values on IO port  
The same output delay of 2.000 ns has been defined on port 'F2_LD[2]' relative to clock sys_clk_pin for both max and min. Make sure this reflects the design intent.
set_output_delay -clock sys_clk_pin -add_delay 2.000 [get_ports -filter { NAME =~  "*" && DIRECTION =~  "*OUT*" }]
D:/MSPL WORK/PMSS/RTL/PMSS_FPGA_RTD_TEST/PMSS_RTD_FPGA_TEST/rs422_dock/rs422_dock.srcs/constrs_1/new/RTDFullPins.xdc (Line: 8)
Related violations: <none>

XDCH-2#28 Warning
Same min and max delay values on IO port  
The same output delay of 2.000 ns has been defined on port 'F2_LD[3]' relative to clock sys_clk_pin for both max and min. Make sure this reflects the design intent.
set_output_delay -clock sys_clk_pin -add_delay 2.000 [get_ports -filter { NAME =~  "*" && DIRECTION =~  "*OUT*" }]
D:/MSPL WORK/PMSS/RTL/PMSS_FPGA_RTD_TEST/PMSS_RTD_FPGA_TEST/rs422_dock/rs422_dock.srcs/constrs_1/new/RTDFullPins.xdc (Line: 8)
Related violations: <none>

XDCH-2#29 Warning
Same min and max delay values on IO port  
The same output delay of 2.000 ns has been defined on port 'F2_LD[4]' relative to clock sys_clk_pin for both max and min. Make sure this reflects the design intent.
set_output_delay -clock sys_clk_pin -add_delay 2.000 [get_ports -filter { NAME =~  "*" && DIRECTION =~  "*OUT*" }]
D:/MSPL WORK/PMSS/RTL/PMSS_FPGA_RTD_TEST/PMSS_RTD_FPGA_TEST/rs422_dock/rs422_dock.srcs/constrs_1/new/RTDFullPins.xdc (Line: 8)
Related violations: <none>

XDCH-2#30 Warning
Same min and max delay values on IO port  
The same output delay of 2.000 ns has been defined on port 'F2_LD[5]' relative to clock sys_clk_pin for both max and min. Make sure this reflects the design intent.
set_output_delay -clock sys_clk_pin -add_delay 2.000 [get_ports -filter { NAME =~  "*" && DIRECTION =~  "*OUT*" }]
D:/MSPL WORK/PMSS/RTL/PMSS_FPGA_RTD_TEST/PMSS_RTD_FPGA_TEST/rs422_dock/rs422_dock.srcs/constrs_1/new/RTDFullPins.xdc (Line: 8)
Related violations: <none>

XDCH-2#31 Warning
Same min and max delay values on IO port  
The same output delay of 2.000 ns has been defined on port 'F2_LD[6]' relative to clock sys_clk_pin for both max and min. Make sure this reflects the design intent.
set_output_delay -clock sys_clk_pin -add_delay 2.000 [get_ports -filter { NAME =~  "*" && DIRECTION =~  "*OUT*" }]
D:/MSPL WORK/PMSS/RTL/PMSS_FPGA_RTD_TEST/PMSS_RTD_FPGA_TEST/rs422_dock/rs422_dock.srcs/constrs_1/new/RTDFullPins.xdc (Line: 8)
Related violations: <none>

XDCH-2#32 Warning
Same min and max delay values on IO port  
The same output delay of 2.000 ns has been defined on port 'F2_LD[7]' relative to clock sys_clk_pin for both max and min. Make sure this reflects the design intent.
set_output_delay -clock sys_clk_pin -add_delay 2.000 [get_ports -filter { NAME =~  "*" && DIRECTION =~  "*OUT*" }]
D:/MSPL WORK/PMSS/RTL/PMSS_FPGA_RTD_TEST/PMSS_RTD_FPGA_TEST/rs422_dock/rs422_dock.srcs/constrs_1/new/RTDFullPins.xdc (Line: 8)
Related violations: <none>

XDCH-2#33 Warning
Same min and max delay values on IO port  
The same output delay of 2.000 ns has been defined on port 'F2_LD[8]' relative to clock sys_clk_pin for both max and min. Make sure this reflects the design intent.
set_output_delay -clock sys_clk_pin -add_delay 2.000 [get_ports -filter { NAME =~  "*" && DIRECTION =~  "*OUT*" }]
D:/MSPL WORK/PMSS/RTL/PMSS_FPGA_RTD_TEST/PMSS_RTD_FPGA_TEST/rs422_dock/rs422_dock.srcs/constrs_1/new/RTDFullPins.xdc (Line: 8)
Related violations: <none>

XDCH-2#34 Warning
Same min and max delay values on IO port  
The same output delay of 2.000 ns has been defined on port 'F2_LD[9]' relative to clock sys_clk_pin for both max and min. Make sure this reflects the design intent.
set_output_delay -clock sys_clk_pin -add_delay 2.000 [get_ports -filter { NAME =~  "*" && DIRECTION =~  "*OUT*" }]
D:/MSPL WORK/PMSS/RTL/PMSS_FPGA_RTD_TEST/PMSS_RTD_FPGA_TEST/rs422_dock/rs422_dock.srcs/constrs_1/new/RTDFullPins.xdc (Line: 8)
Related violations: <none>

XDCH-2#35 Warning
Same min and max delay values on IO port  
The same output delay of 2.000 ns has been defined on port 'F3_LD[0]' relative to clock sys_clk_pin for both max and min. Make sure this reflects the design intent.
set_output_delay -clock sys_clk_pin -add_delay 2.000 [get_ports -filter { NAME =~  "*" && DIRECTION =~  "*OUT*" }]
D:/MSPL WORK/PMSS/RTL/PMSS_FPGA_RTD_TEST/PMSS_RTD_FPGA_TEST/rs422_dock/rs422_dock.srcs/constrs_1/new/RTDFullPins.xdc (Line: 8)
Related violations: <none>

XDCH-2#36 Warning
Same min and max delay values on IO port  
The same output delay of 2.000 ns has been defined on port 'F3_LD[10]' relative to clock sys_clk_pin for both max and min. Make sure this reflects the design intent.
set_output_delay -clock sys_clk_pin -add_delay 2.000 [get_ports -filter { NAME =~  "*" && DIRECTION =~  "*OUT*" }]
D:/MSPL WORK/PMSS/RTL/PMSS_FPGA_RTD_TEST/PMSS_RTD_FPGA_TEST/rs422_dock/rs422_dock.srcs/constrs_1/new/RTDFullPins.xdc (Line: 8)
Related violations: <none>

XDCH-2#37 Warning
Same min and max delay values on IO port  
The same output delay of 2.000 ns has been defined on port 'F3_LD[11]' relative to clock sys_clk_pin for both max and min. Make sure this reflects the design intent.
set_output_delay -clock sys_clk_pin -add_delay 2.000 [get_ports -filter { NAME =~  "*" && DIRECTION =~  "*OUT*" }]
D:/MSPL WORK/PMSS/RTL/PMSS_FPGA_RTD_TEST/PMSS_RTD_FPGA_TEST/rs422_dock/rs422_dock.srcs/constrs_1/new/RTDFullPins.xdc (Line: 8)
Related violations: <none>

XDCH-2#38 Warning
Same min and max delay values on IO port  
The same output delay of 2.000 ns has been defined on port 'F3_LD[12]' relative to clock sys_clk_pin for both max and min. Make sure this reflects the design intent.
set_output_delay -clock sys_clk_pin -add_delay 2.000 [get_ports -filter { NAME =~  "*" && DIRECTION =~  "*OUT*" }]
D:/MSPL WORK/PMSS/RTL/PMSS_FPGA_RTD_TEST/PMSS_RTD_FPGA_TEST/rs422_dock/rs422_dock.srcs/constrs_1/new/RTDFullPins.xdc (Line: 8)
Related violations: <none>

XDCH-2#39 Warning
Same min and max delay values on IO port  
The same output delay of 2.000 ns has been defined on port 'F3_LD[13]' relative to clock sys_clk_pin for both max and min. Make sure this reflects the design intent.
set_output_delay -clock sys_clk_pin -add_delay 2.000 [get_ports -filter { NAME =~  "*" && DIRECTION =~  "*OUT*" }]
D:/MSPL WORK/PMSS/RTL/PMSS_FPGA_RTD_TEST/PMSS_RTD_FPGA_TEST/rs422_dock/rs422_dock.srcs/constrs_1/new/RTDFullPins.xdc (Line: 8)
Related violations: <none>

XDCH-2#40 Warning
Same min and max delay values on IO port  
The same output delay of 2.000 ns has been defined on port 'F3_LD[14]' relative to clock sys_clk_pin for both max and min. Make sure this reflects the design intent.
set_output_delay -clock sys_clk_pin -add_delay 2.000 [get_ports -filter { NAME =~  "*" && DIRECTION =~  "*OUT*" }]
D:/MSPL WORK/PMSS/RTL/PMSS_FPGA_RTD_TEST/PMSS_RTD_FPGA_TEST/rs422_dock/rs422_dock.srcs/constrs_1/new/RTDFullPins.xdc (Line: 8)
Related violations: <none>

XDCH-2#41 Warning
Same min and max delay values on IO port  
The same output delay of 2.000 ns has been defined on port 'F3_LD[15]' relative to clock sys_clk_pin for both max and min. Make sure this reflects the design intent.
set_output_delay -clock sys_clk_pin -add_delay 2.000 [get_ports -filter { NAME =~  "*" && DIRECTION =~  "*OUT*" }]
D:/MSPL WORK/PMSS/RTL/PMSS_FPGA_RTD_TEST/PMSS_RTD_FPGA_TEST/rs422_dock/rs422_dock.srcs/constrs_1/new/RTDFullPins.xdc (Line: 8)
Related violations: <none>

XDCH-2#42 Warning
Same min and max delay values on IO port  
The same output delay of 2.000 ns has been defined on port 'F3_LD[1]' relative to clock sys_clk_pin for both max and min. Make sure this reflects the design intent.
set_output_delay -clock sys_clk_pin -add_delay 2.000 [get_ports -filter { NAME =~  "*" && DIRECTION =~  "*OUT*" }]
D:/MSPL WORK/PMSS/RTL/PMSS_FPGA_RTD_TEST/PMSS_RTD_FPGA_TEST/rs422_dock/rs422_dock.srcs/constrs_1/new/RTDFullPins.xdc (Line: 8)
Related violations: <none>

XDCH-2#43 Warning
Same min and max delay values on IO port  
The same output delay of 2.000 ns has been defined on port 'F3_LD[2]' relative to clock sys_clk_pin for both max and min. Make sure this reflects the design intent.
set_output_delay -clock sys_clk_pin -add_delay 2.000 [get_ports -filter { NAME =~  "*" && DIRECTION =~  "*OUT*" }]
D:/MSPL WORK/PMSS/RTL/PMSS_FPGA_RTD_TEST/PMSS_RTD_FPGA_TEST/rs422_dock/rs422_dock.srcs/constrs_1/new/RTDFullPins.xdc (Line: 8)
Related violations: <none>

XDCH-2#44 Warning
Same min and max delay values on IO port  
The same output delay of 2.000 ns has been defined on port 'F3_LD[3]' relative to clock sys_clk_pin for both max and min. Make sure this reflects the design intent.
set_output_delay -clock sys_clk_pin -add_delay 2.000 [get_ports -filter { NAME =~  "*" && DIRECTION =~  "*OUT*" }]
D:/MSPL WORK/PMSS/RTL/PMSS_FPGA_RTD_TEST/PMSS_RTD_FPGA_TEST/rs422_dock/rs422_dock.srcs/constrs_1/new/RTDFullPins.xdc (Line: 8)
Related violations: <none>

XDCH-2#45 Warning
Same min and max delay values on IO port  
The same output delay of 2.000 ns has been defined on port 'F3_LD[4]' relative to clock sys_clk_pin for both max and min. Make sure this reflects the design intent.
set_output_delay -clock sys_clk_pin -add_delay 2.000 [get_ports -filter { NAME =~  "*" && DIRECTION =~  "*OUT*" }]
D:/MSPL WORK/PMSS/RTL/PMSS_FPGA_RTD_TEST/PMSS_RTD_FPGA_TEST/rs422_dock/rs422_dock.srcs/constrs_1/new/RTDFullPins.xdc (Line: 8)
Related violations: <none>

XDCH-2#46 Warning
Same min and max delay values on IO port  
The same output delay of 2.000 ns has been defined on port 'F3_LD[5]' relative to clock sys_clk_pin for both max and min. Make sure this reflects the design intent.
set_output_delay -clock sys_clk_pin -add_delay 2.000 [get_ports -filter { NAME =~  "*" && DIRECTION =~  "*OUT*" }]
D:/MSPL WORK/PMSS/RTL/PMSS_FPGA_RTD_TEST/PMSS_RTD_FPGA_TEST/rs422_dock/rs422_dock.srcs/constrs_1/new/RTDFullPins.xdc (Line: 8)
Related violations: <none>

XDCH-2#47 Warning
Same min and max delay values on IO port  
The same output delay of 2.000 ns has been defined on port 'F3_LD[6]' relative to clock sys_clk_pin for both max and min. Make sure this reflects the design intent.
set_output_delay -clock sys_clk_pin -add_delay 2.000 [get_ports -filter { NAME =~  "*" && DIRECTION =~  "*OUT*" }]
D:/MSPL WORK/PMSS/RTL/PMSS_FPGA_RTD_TEST/PMSS_RTD_FPGA_TEST/rs422_dock/rs422_dock.srcs/constrs_1/new/RTDFullPins.xdc (Line: 8)
Related violations: <none>

XDCH-2#48 Warning
Same min and max delay values on IO port  
The same output delay of 2.000 ns has been defined on port 'F3_LD[7]' relative to clock sys_clk_pin for both max and min. Make sure this reflects the design intent.
set_output_delay -clock sys_clk_pin -add_delay 2.000 [get_ports -filter { NAME =~  "*" && DIRECTION =~  "*OUT*" }]
D:/MSPL WORK/PMSS/RTL/PMSS_FPGA_RTD_TEST/PMSS_RTD_FPGA_TEST/rs422_dock/rs422_dock.srcs/constrs_1/new/RTDFullPins.xdc (Line: 8)
Related violations: <none>

XDCH-2#49 Warning
Same min and max delay values on IO port  
The same output delay of 2.000 ns has been defined on port 'F3_LD[8]' relative to clock sys_clk_pin for both max and min. Make sure this reflects the design intent.
set_output_delay -clock sys_clk_pin -add_delay 2.000 [get_ports -filter { NAME =~  "*" && DIRECTION =~  "*OUT*" }]
D:/MSPL WORK/PMSS/RTL/PMSS_FPGA_RTD_TEST/PMSS_RTD_FPGA_TEST/rs422_dock/rs422_dock.srcs/constrs_1/new/RTDFullPins.xdc (Line: 8)
Related violations: <none>

XDCH-2#50 Warning
Same min and max delay values on IO port  
The same output delay of 2.000 ns has been defined on port 'F3_LD[9]' relative to clock sys_clk_pin for both max and min. Make sure this reflects the design intent.
set_output_delay -clock sys_clk_pin -add_delay 2.000 [get_ports -filter { NAME =~  "*" && DIRECTION =~  "*OUT*" }]
D:/MSPL WORK/PMSS/RTL/PMSS_FPGA_RTD_TEST/PMSS_RTD_FPGA_TEST/rs422_dock/rs422_dock.srcs/constrs_1/new/RTDFullPins.xdc (Line: 8)
Related violations: <none>

XDCH-2#51 Warning
Same min and max delay values on IO port  
The same output delay of 2.000 ns has been defined on port 'FP_STS1_GREEN' relative to clock sys_clk_pin for both max and min. Make sure this reflects the design intent.
set_output_delay -clock sys_clk_pin -add_delay 2.000 [get_ports -filter { NAME =~  "*" && DIRECTION =~  "*OUT*" }]
D:/MSPL WORK/PMSS/RTL/PMSS_FPGA_RTD_TEST/PMSS_RTD_FPGA_TEST/rs422_dock/rs422_dock.srcs/constrs_1/new/RTDFullPins.xdc (Line: 8)
Related violations: <none>

XDCH-2#52 Warning
Same min and max delay values on IO port  
The same output delay of 2.000 ns has been defined on port 'FP_STS2_YELLOW' relative to clock sys_clk_pin for both max and min. Make sure this reflects the design intent.
set_output_delay -clock sys_clk_pin -add_delay 2.000 [get_ports -filter { NAME =~  "*" && DIRECTION =~  "*OUT*" }]
D:/MSPL WORK/PMSS/RTL/PMSS_FPGA_RTD_TEST/PMSS_RTD_FPGA_TEST/rs422_dock/rs422_dock.srcs/constrs_1/new/RTDFullPins.xdc (Line: 8)
Related violations: <none>

XDCH-2#53 Warning
Same min and max delay values on IO port  
The same output delay of 2.000 ns has been defined on port 'F_LE[0]' relative to clock sys_clk_pin for both max and min. Make sure this reflects the design intent.
set_output_delay -clock sys_clk_pin -add_delay 2.000 [get_ports -filter { NAME =~  "*" && DIRECTION =~  "*OUT*" }]
D:/MSPL WORK/PMSS/RTL/PMSS_FPGA_RTD_TEST/PMSS_RTD_FPGA_TEST/rs422_dock/rs422_dock.srcs/constrs_1/new/RTDFullPins.xdc (Line: 8)
Related violations: <none>

XDCH-2#54 Warning
Same min and max delay values on IO port  
The same output delay of 2.000 ns has been defined on port 'F_LE[1]' relative to clock sys_clk_pin for both max and min. Make sure this reflects the design intent.
set_output_delay -clock sys_clk_pin -add_delay 2.000 [get_ports -filter { NAME =~  "*" && DIRECTION =~  "*OUT*" }]
D:/MSPL WORK/PMSS/RTL/PMSS_FPGA_RTD_TEST/PMSS_RTD_FPGA_TEST/rs422_dock/rs422_dock.srcs/constrs_1/new/RTDFullPins.xdc (Line: 8)
Related violations: <none>

XDCH-2#55 Warning
Same min and max delay values on IO port  
The same output delay of 2.000 ns has been defined on port 'F_LE[2]' relative to clock sys_clk_pin for both max and min. Make sure this reflects the design intent.
set_output_delay -clock sys_clk_pin -add_delay 2.000 [get_ports -filter { NAME =~  "*" && DIRECTION =~  "*OUT*" }]
D:/MSPL WORK/PMSS/RTL/PMSS_FPGA_RTD_TEST/PMSS_RTD_FPGA_TEST/rs422_dock/rs422_dock.srcs/constrs_1/new/RTDFullPins.xdc (Line: 8)
Related violations: <none>

XDCH-2#56 Warning
Same min and max delay values on IO port  
The same output delay of 2.000 ns has been defined on port 'F_LE[3]' relative to clock sys_clk_pin for both max and min. Make sure this reflects the design intent.
set_output_delay -clock sys_clk_pin -add_delay 2.000 [get_ports -filter { NAME =~  "*" && DIRECTION =~  "*OUT*" }]
D:/MSPL WORK/PMSS/RTL/PMSS_FPGA_RTD_TEST/PMSS_RTD_FPGA_TEST/rs422_dock/rs422_dock.srcs/constrs_1/new/RTDFullPins.xdc (Line: 8)
Related violations: <none>

XDCH-2#57 Warning
Same min and max delay values on IO port  
The same output delay of 2.000 ns has been defined on port 'F_LE[4]' relative to clock sys_clk_pin for both max and min. Make sure this reflects the design intent.
set_output_delay -clock sys_clk_pin -add_delay 2.000 [get_ports -filter { NAME =~  "*" && DIRECTION =~  "*OUT*" }]
D:/MSPL WORK/PMSS/RTL/PMSS_FPGA_RTD_TEST/PMSS_RTD_FPGA_TEST/rs422_dock/rs422_dock.srcs/constrs_1/new/RTDFullPins.xdc (Line: 8)
Related violations: <none>

XDCH-2#58 Warning
Same min and max delay values on IO port  
The same output delay of 2.000 ns has been defined on port 'F_LE[5]' relative to clock sys_clk_pin for both max and min. Make sure this reflects the design intent.
set_output_delay -clock sys_clk_pin -add_delay 2.000 [get_ports -filter { NAME =~  "*" && DIRECTION =~  "*OUT*" }]
D:/MSPL WORK/PMSS/RTL/PMSS_FPGA_RTD_TEST/PMSS_RTD_FPGA_TEST/rs422_dock/rs422_dock.srcs/constrs_1/new/RTDFullPins.xdc (Line: 8)
Related violations: <none>

XDCH-2#59 Warning
Same min and max delay values on IO port  
The same output delay of 2.000 ns has been defined on port 'F_LE[6]' relative to clock sys_clk_pin for both max and min. Make sure this reflects the design intent.
set_output_delay -clock sys_clk_pin -add_delay 2.000 [get_ports -filter { NAME =~  "*" && DIRECTION =~  "*OUT*" }]
D:/MSPL WORK/PMSS/RTL/PMSS_FPGA_RTD_TEST/PMSS_RTD_FPGA_TEST/rs422_dock/rs422_dock.srcs/constrs_1/new/RTDFullPins.xdc (Line: 8)
Related violations: <none>

XDCH-2#60 Warning
Same min and max delay values on IO port  
The same output delay of 2.000 ns has been defined on port 'F_LE[7]' relative to clock sys_clk_pin for both max and min. Make sure this reflects the design intent.
set_output_delay -clock sys_clk_pin -add_delay 2.000 [get_ports -filter { NAME =~  "*" && DIRECTION =~  "*OUT*" }]
D:/MSPL WORK/PMSS/RTL/PMSS_FPGA_RTD_TEST/PMSS_RTD_FPGA_TEST/rs422_dock/rs422_dock.srcs/constrs_1/new/RTDFullPins.xdc (Line: 8)
Related violations: <none>

XDCH-2#61 Warning
Same min and max delay values on IO port  
The same output delay of 2.000 ns has been defined on port 'F_LE[8]' relative to clock sys_clk_pin for both max and min. Make sure this reflects the design intent.
set_output_delay -clock sys_clk_pin -add_delay 2.000 [get_ports -filter { NAME =~  "*" && DIRECTION =~  "*OUT*" }]
D:/MSPL WORK/PMSS/RTL/PMSS_FPGA_RTD_TEST/PMSS_RTD_FPGA_TEST/rs422_dock/rs422_dock.srcs/constrs_1/new/RTDFullPins.xdc (Line: 8)
Related violations: <none>

XDCH-2#62 Warning
Same min and max delay values on IO port  
The same output delay of 2.000 ns has been defined on port 'F_LE[9]' relative to clock sys_clk_pin for both max and min. Make sure this reflects the design intent.
set_output_delay -clock sys_clk_pin -add_delay 2.000 [get_ports -filter { NAME =~  "*" && DIRECTION =~  "*OUT*" }]
D:/MSPL WORK/PMSS/RTL/PMSS_FPGA_RTD_TEST/PMSS_RTD_FPGA_TEST/rs422_dock/rs422_dock.srcs/constrs_1/new/RTDFullPins.xdc (Line: 8)
Related violations: <none>

XDCH-2#63 Warning
Same min and max delay values on IO port  
The same output delay of 2.000 ns has been defined on port 'F_nLOE[0]' relative to clock sys_clk_pin for both max and min. Make sure this reflects the design intent.
set_output_delay -clock sys_clk_pin -add_delay 2.000 [get_ports -filter { NAME =~  "*" && DIRECTION =~  "*OUT*" }]
D:/MSPL WORK/PMSS/RTL/PMSS_FPGA_RTD_TEST/PMSS_RTD_FPGA_TEST/rs422_dock/rs422_dock.srcs/constrs_1/new/RTDFullPins.xdc (Line: 8)
Related violations: <none>

XDCH-2#64 Warning
Same min and max delay values on IO port  
The same output delay of 2.000 ns has been defined on port 'F_nLOE[1]' relative to clock sys_clk_pin for both max and min. Make sure this reflects the design intent.
set_output_delay -clock sys_clk_pin -add_delay 2.000 [get_ports -filter { NAME =~  "*" && DIRECTION =~  "*OUT*" }]
D:/MSPL WORK/PMSS/RTL/PMSS_FPGA_RTD_TEST/PMSS_RTD_FPGA_TEST/rs422_dock/rs422_dock.srcs/constrs_1/new/RTDFullPins.xdc (Line: 8)
Related violations: <none>

XDCH-2#65 Warning
Same min and max delay values on IO port  
The same output delay of 2.000 ns has been defined on port 'F_nLOE[2]' relative to clock sys_clk_pin for both max and min. Make sure this reflects the design intent.
set_output_delay -clock sys_clk_pin -add_delay 2.000 [get_ports -filter { NAME =~  "*" && DIRECTION =~  "*OUT*" }]
D:/MSPL WORK/PMSS/RTL/PMSS_FPGA_RTD_TEST/PMSS_RTD_FPGA_TEST/rs422_dock/rs422_dock.srcs/constrs_1/new/RTDFullPins.xdc (Line: 8)
Related violations: <none>

XDCH-2#66 Warning
Same min and max delay values on IO port  
The same output delay of 2.000 ns has been defined on port 'F_nLOE[3]' relative to clock sys_clk_pin for both max and min. Make sure this reflects the design intent.
set_output_delay -clock sys_clk_pin -add_delay 2.000 [get_ports -filter { NAME =~  "*" && DIRECTION =~  "*OUT*" }]
D:/MSPL WORK/PMSS/RTL/PMSS_FPGA_RTD_TEST/PMSS_RTD_FPGA_TEST/rs422_dock/rs422_dock.srcs/constrs_1/new/RTDFullPins.xdc (Line: 8)
Related violations: <none>

XDCH-2#67 Warning
Same min and max delay values on IO port  
The same output delay of 2.000 ns has been defined on port 'F_nLOE[4]' relative to clock sys_clk_pin for both max and min. Make sure this reflects the design intent.
set_output_delay -clock sys_clk_pin -add_delay 2.000 [get_ports -filter { NAME =~  "*" && DIRECTION =~  "*OUT*" }]
D:/MSPL WORK/PMSS/RTL/PMSS_FPGA_RTD_TEST/PMSS_RTD_FPGA_TEST/rs422_dock/rs422_dock.srcs/constrs_1/new/RTDFullPins.xdc (Line: 8)
Related violations: <none>

XDCH-2#68 Warning
Same min and max delay values on IO port  
The same output delay of 2.000 ns has been defined on port 'F_nLOE[5]' relative to clock sys_clk_pin for both max and min. Make sure this reflects the design intent.
set_output_delay -clock sys_clk_pin -add_delay 2.000 [get_ports -filter { NAME =~  "*" && DIRECTION =~  "*OUT*" }]
D:/MSPL WORK/PMSS/RTL/PMSS_FPGA_RTD_TEST/PMSS_RTD_FPGA_TEST/rs422_dock/rs422_dock.srcs/constrs_1/new/RTDFullPins.xdc (Line: 8)
Related violations: <none>

XDCH-2#69 Warning
Same min and max delay values on IO port  
The same output delay of 2.000 ns has been defined on port 'F_nLOE[6]' relative to clock sys_clk_pin for both max and min. Make sure this reflects the design intent.
set_output_delay -clock sys_clk_pin -add_delay 2.000 [get_ports -filter { NAME =~  "*" && DIRECTION =~  "*OUT*" }]
D:/MSPL WORK/PMSS/RTL/PMSS_FPGA_RTD_TEST/PMSS_RTD_FPGA_TEST/rs422_dock/rs422_dock.srcs/constrs_1/new/RTDFullPins.xdc (Line: 8)
Related violations: <none>

XDCH-2#70 Warning
Same min and max delay values on IO port  
The same output delay of 2.000 ns has been defined on port 'F_nLOE[7]' relative to clock sys_clk_pin for both max and min. Make sure this reflects the design intent.
set_output_delay -clock sys_clk_pin -add_delay 2.000 [get_ports -filter { NAME =~  "*" && DIRECTION =~  "*OUT*" }]
D:/MSPL WORK/PMSS/RTL/PMSS_FPGA_RTD_TEST/PMSS_RTD_FPGA_TEST/rs422_dock/rs422_dock.srcs/constrs_1/new/RTDFullPins.xdc (Line: 8)
Related violations: <none>

XDCH-2#71 Warning
Same min and max delay values on IO port  
The same output delay of 2.000 ns has been defined on port 'F_nLOE[8]' relative to clock sys_clk_pin for both max and min. Make sure this reflects the design intent.
set_output_delay -clock sys_clk_pin -add_delay 2.000 [get_ports -filter { NAME =~  "*" && DIRECTION =~  "*OUT*" }]
D:/MSPL WORK/PMSS/RTL/PMSS_FPGA_RTD_TEST/PMSS_RTD_FPGA_TEST/rs422_dock/rs422_dock.srcs/constrs_1/new/RTDFullPins.xdc (Line: 8)
Related violations: <none>

XDCH-2#72 Warning
Same min and max delay values on IO port  
The same output delay of 2.000 ns has been defined on port 'F_nLOE[9]' relative to clock sys_clk_pin for both max and min. Make sure this reflects the design intent.
set_output_delay -clock sys_clk_pin -add_delay 2.000 [get_ports -filter { NAME =~  "*" && DIRECTION =~  "*OUT*" }]
D:/MSPL WORK/PMSS/RTL/PMSS_FPGA_RTD_TEST/PMSS_RTD_FPGA_TEST/rs422_dock/rs422_dock.srcs/constrs_1/new/RTDFullPins.xdc (Line: 8)
Related violations: <none>

XDCH-2#73 Warning
Same min and max delay values on IO port  
The same output delay of 2.000 ns has been defined on port 'RS422_TX' relative to clock sys_clk_pin for both max and min. Make sure this reflects the design intent.
set_output_delay -clock sys_clk_pin -add_delay 2.000 [get_ports -filter { NAME =~  "*" && DIRECTION =~  "*OUT*" }]
D:/MSPL WORK/PMSS/RTL/PMSS_FPGA_RTD_TEST/PMSS_RTD_FPGA_TEST/rs422_dock/rs422_dock.srcs/constrs_1/new/RTDFullPins.xdc (Line: 8)
Related violations: <none>

XDCH-2#74 Warning
Same min and max delay values on IO port  
The same output delay of 2.000 ns has been defined on port 'RS422_TX_EN' relative to clock sys_clk_pin for both max and min. Make sure this reflects the design intent.
set_output_delay -clock sys_clk_pin -add_delay 2.000 [get_ports -filter { NAME =~  "*" && DIRECTION =~  "*OUT*" }]
D:/MSPL WORK/PMSS/RTL/PMSS_FPGA_RTD_TEST/PMSS_RTD_FPGA_TEST/rs422_dock/rs422_dock.srcs/constrs_1/new/RTDFullPins.xdc (Line: 8)
Related violations: <none>

XDCH-2#75 Warning
Same min and max delay values on IO port  
The same output delay of 2.000 ns has been defined on port 'RS422_TX_nEN' relative to clock sys_clk_pin for both max and min. Make sure this reflects the design intent.
set_output_delay -clock sys_clk_pin -add_delay 2.000 [get_ports -filter { NAME =~  "*" && DIRECTION =~  "*OUT*" }]
D:/MSPL WORK/PMSS/RTL/PMSS_FPGA_RTD_TEST/PMSS_RTD_FPGA_TEST/rs422_dock/rs422_dock.srcs/constrs_1/new/RTDFullPins.xdc (Line: 8)
Related violations: <none>

XDCH-2#76 Warning
Same min and max delay values on IO port  
The same output delay of 2.000 ns has been defined on port 'TP_CLK_TST' relative to clock sys_clk_pin for both max and min. Make sure this reflects the design intent.
set_output_delay -clock sys_clk_pin -add_delay 2.000 [get_ports -filter { NAME =~  "*" && DIRECTION =~  "*OUT*" }]
D:/MSPL WORK/PMSS/RTL/PMSS_FPGA_RTD_TEST/PMSS_RTD_FPGA_TEST/rs422_dock/rs422_dock.srcs/constrs_1/new/RTDFullPins.xdc (Line: 8)
Related violations: <none>


