#-----------------------------------------------------------
# Vivado v2026.1 (64-bit)
# SW Build 6511674 on Tue Jun 16 11:02:23 MDT 2026
# IP Build 6504888 on Tue Jun 09 09:05:25 MDT 2026
# SharedData Build 6501428 on Mon Jun 08 17:34:18 MDT 2026
# Start of session at: Mon Aug 10 11:30:21 2026
# Process ID         : 4328
# Current directory  : D:/MSPL WORK/PMSS/RTL/PMSS_FPGA_RTD_TEST/PMSS_RTD_FPGA_TEST/rs422_dock/rs422_dock.runs/impl_1
# Command line       : vivado.exe -log rs422_dock.vdi -applog -product Vivado -messageDb vivado.pb -mode batch -source rs422_dock.tcl -notrace
# Log file           : D:/MSPL WORK/PMSS/RTL/PMSS_FPGA_RTD_TEST/PMSS_RTD_FPGA_TEST/rs422_dock/rs422_dock.runs/impl_1/rs422_dock.vdi
# Journal file       : D:/MSPL WORK/PMSS/RTL/PMSS_FPGA_RTD_TEST/PMSS_RTD_FPGA_TEST/rs422_dock/rs422_dock.runs/impl_1\vivado.jou
# Running On         : Arvinds-MSI
# Platform           : Windows 11
# Operating System   : 26200
# Processor Detail   : 13th Gen Intel(R) Core(TM) i7-13700HX
# CPU Frequency      : 2304 MHz
# CPU Physical cores : 16
# CPU Logical cores  : 24
# Host memory        : 16868 MB
# Swap memory        : 3047 MB
# Total Virtual      : 19915 MB
# Available Virtual  : 7399 MB
#-----------------------------------------------------------
source rs422_dock.tcl -notrace
